{"type":"server-started","port":57070,"host":"127.0.0.1","url_host":"localhost","url":"http://localhost:57070","screen_dir":"/Users/yanchen07/im-service/.superpowers/brainstorm/1329-1782574580/content","state_dir":"/Users/yanchen07/im-service/.superpowers/brainstorm/1329-1782574580/state"}
{"type":"screen-added","file":"/Users/yanchen07/im-service/.superpowers/brainstorm/1329-1782574580/content/im-layout-options.html"}
{"source":"user-event","type":"click","text":"💬 会话\n            👥 联系人\n          \n          \n          \n          \n          \n        \n        \n        \n          \n          \n            \n            \n            \n          \n          \n        \n      \n    \n    \n      B. 双栏布局（类微信 Web）\n      左侧会话列表（带 tab 切换联系人）+ 右侧聊天区。简洁直观，适合社交聊天。","choice":"b","id":null,"timestamp":1782574634877}
{"source":"user-event","type":"click","text":"A. 三栏布局（类 Discord）\n      左侧 icon 导航 + 会话列表 + 聊天区。适合功能多、有多个空间/频道的场景。","choice":"a","id":null,"timestamp":1782574635620}
{"source":"user-event","type":"click","text":"💬 会话\n            👥 联系人\n          \n          \n          \n          \n          \n        \n        \n        \n          \n          \n            \n            \n            \n          \n          \n        \n      \n    \n    \n      B. 双栏布局（类微信 Web）\n      左侧会话列表（带 tab 切换联系人）+ 右侧聊天区。简洁直观，适合社交聊天。","choice":"b","id":null,"timestamp":1782574636433}
{"source":"user-event","type":"click","text":"A. 三栏布局（类 Discord）\n      左侧 icon 导航 + 会话列表 + 聊天区。适合功能多、有多个空间/频道的场景。","choice":"a","id":null,"timestamp":1782574639620}
{"source":"user-event","type":"click","text":"💬 会话\n            👥 联系人\n          \n          \n          \n          \n          \n        \n        \n        \n          \n          \n            \n            \n            \n          \n          \n        \n      \n    \n    \n      B. 双栏布局（类微信 Web）\n      左侧会话列表（带 tab 切换联系人）+ 右侧聊天区。简洁直观，适合社交聊天。","choice":"b","id":null,"timestamp":1782574640691}
{"source":"user-event","type":"click","text":"C. 双栏暗色（类 Telegram Desktop）\n      同样双栏，但默认暗色主题。现代感强，护眼，适合开发者群体。","choice":"c","id":null,"timestamp":1782574641217}
{"source":"user-event","type":"click","text":"C. 双栏暗色（类 Telegram Desktop）\n      同样双栏，但默认暗色主题。现代感强，护眼，适合开发者群体。","choice":"c","id":null,"timestamp":1782574648154}
{"source":"user-event","type":"click","text":"💬 会话\n            👥 联系人\n          \n          \n          \n          \n          \n        \n        \n        \n          \n          \n            \n            \n            \n          \n          \n        \n      \n    \n    \n      B. 双栏布局（类微信 Web）\n      左侧会话列表（带 tab 切换联系人）+ 右侧聊天区。简洁直观，适合社交聊天。","choice":"b","id":null,"timestamp":1782574648745}
{"type":"server-stopped","reason":"idle timeout"}
{"source":"user-event","type":"click","text":"A. 三栏布局（类 Discord）\n      左侧 icon 导航 + 会话列表 + 聊天区。适合功能多、有多个空间/频道的场景。","choice":"a","id":null,"timestamp":1782576817708}
{"source":"user-event","type":"click","text":"💬 会话\n            👥 联系人\n          \n          \n          \n          \n          \n        \n        \n        \n          \n          \n            \n            \n            \n          \n          \n        \n      \n    \n    \n      B. 双栏布局（类微信 Web）\n      左侧会话列表（带 tab 切换联系人）+ 右侧聊天区。简洁直观，适合社交聊天。","choice":"b","id":null,"timestamp":1782576818270}
{"source":"user-event","type":"click","text":"A. 三栏布局（类 Discord）\n      左侧 icon 导航 + 会话列表 + 聊天区。适合功能多、有多个空间/频道的场景。","choice":"a","id":null,"timestamp":1782576820369}
{"source":"user-event","type":"click","text":"💬 会话\n            👥 联系人\n          \n          \n          \n          \n          \n        \n        \n        \n          \n          \n            \n            \n            \n          \n          \n        \n      \n    \n    \n      B. 双栏布局（类微信 Web）\n      左侧会话列表（带 tab 切换联系人）+ 右侧聊天区。简洁直观，适合社交聊天。","choice":"b","id":null,"timestamp":1782576820861}
{"source":"user-event","type":"click","text":"C. 双栏暗色（类 Telegram Desktop）\n      同样双栏，但默认暗色主题。现代感强，护眼，适合开发者群体。","choice":"c","id":null,"timestamp":1782576821353}
{"source":"user-event","type":"click","text":"💬 会话\n            👥 联系人\n          \n          \n          \n          \n          \n        \n        \n        \n          \n          \n            \n            \n            \n          \n          \n        \n      \n    \n    \n      B. 双栏布局（类微信 Web）\n      左侧会话列表（带 tab 切换联系人）+ 右侧聊天区。简洁直观，适合社交聊天。","choice":"b","id":null,"timestamp":1782576821941}
{"source":"user-event","type":"click","text":"C. 双栏暗色（类 Telegram Desktop）\n      同样双栏，但默认暗色主题。现代感强，护眼，适合开发者群体。","choice":"c","id":null,"timestamp":1782576822587}
{"source":"user-event","type":"click","text":"💬 会话\n            👥 联系人\n          \n          \n          \n          \n          \n        \n        \n        \n          \n          \n            \n            \n            \n          \n          \n        \n      \n    \n    \n      B. 双栏布局（类微信 Web）\n      左侧会话列表（带 tab 切换联系人）+ 右侧聊天区。简洁直观，适合社交聊天。","choice":"b","id":null,"timestamp":1782576823157}
{"source":"user-event","type":"click","text":"A. 三栏布局（类 Discord）\n      左侧 icon 导航 + 会话列表 + 聊天区。适合功能多、有多个空间/频道的场景。","choice":"a","id":null,"timestamp":1782576823978}
{"source":"user-event","type":"click","text":"💬 会话\n            👥 联系人\n          \n          \n          \n          \n          \n        \n        \n        \n          \n          \n            \n            \n            \n          \n          \n        \n      \n    \n    \n      B. 双栏布局（类微信 Web）\n      左侧会话列表（带 tab 切换联系人）+ 右侧聊天区。简洁直观，适合社交聊天。","choice":"b","id":null,"timestamp":1782576824515}
{"source":"user-event","type":"click","text":"A. 三栏布局（类 Discord）\n      左侧 icon 导航 + 会话列表 + 聊天区。适合功能多、有多个空间/频道的场景。","choice":"a","id":null,"timestamp":1782576838635}
